// Jest Snapshot v1, https://goo.gl/fbAQLP

exports[`Login Container should render my component 1`] = `ShallowWrapper {}`;
